2026-06-24T02:30:51.812Z | POST /api/auth/register | Expected double-quoted property name in JSON at position 156 (line 7 column 1) | SyntaxError: Expected double-quoted property name in JSON at position 156 (line 7 column 1)
    at JSON.parse (<anonymous>)
    at parse (C:\Users\César\Desktop\Indptados\Mayo 2025\My_Repositories_GITHUB\2025-Node-March-Inadaptados-Cesar-V\05.FinalProjectVideoGame\ecommerce-api-videogames\node_modules\body-parser\lib\types\json.js:77:19)
    at C:\Users\César\Desktop\Indptados\Mayo 2025\My_Repositories_GITHUB\2025-Node-March-Inadaptados-Cesar-V\05.FinalProjectVideoGame\ecommerce-api-videogames\node_modules\body-parser\lib\read.js:123:18
    at AsyncResource.runInAsyncScope (node:async_hooks:214:14)
    at invokeCallback (C:\Users\César\Desktop\Indptados\Mayo 2025\My_Repositories_GITHUB\2025-Node-March-Inadaptados-Cesar-V\05.FinalProjectVideoGame\ecommerce-api-videogames\node_modules\raw-body\index.js:238:16)
    at done (C:\Users\César\Desktop\Indptados\Mayo 2025\My_Repositories_GITHUB\2025-Node-March-Inadaptados-Cesar-V\05.FinalProjectVideoGame\ecommerce-api-videogames\node_modules\raw-body\index.js:227:7)
    at IncomingMessage.onEnd (C:\Users\César\Desktop\Indptados\Mayo 2025\My_Repositories_GITHUB\2025-Node-March-Inadaptados-Cesar-V\05.FinalProjectVideoGame\ecommerce-api-videogames\node_modules\raw-body\index.js:287:7)
    at IncomingMessage.emit (node:events:518:28)
    at endReadableNT (node:internal/streams/readable:1698:12)
    at process.processTicksAndRejections (node:internal/process/task_queues:90:21)
2026-06-24T02:50:32.612Z | POST /api/auth/register | Expected double-quoted property name in JSON at position 156 (line 7 column 1) | SyntaxError: Expected double-quoted property name in JSON at position 156 (line 7 column 1)
    at JSON.parse (<anonymous>)
    at parse (C:\Users\César\Desktop\Indptados\Mayo 2025\My_Repositories_GITHUB\2025-Node-March-Inadaptados-Cesar-V\05.FinalProjectVideoGame\ecommerce-api-videogames\node_modules\body-parser\lib\types\json.js:77:19)
    at C:\Users\César\Desktop\Indptados\Mayo 2025\My_Repositories_GITHUB\2025-Node-March-Inadaptados-Cesar-V\05.FinalProjectVideoGame\ecommerce-api-videogames\node_modules\body-parser\lib\read.js:123:18
    at AsyncResource.runInAsyncScope (node:async_hooks:214:14)
    at invokeCallback (C:\Users\César\Desktop\Indptados\Mayo 2025\My_Repositories_GITHUB\2025-Node-March-Inadaptados-Cesar-V\05.FinalProjectVideoGame\ecommerce-api-videogames\node_modules\raw-body\index.js:238:16)
    at done (C:\Users\César\Desktop\Indptados\Mayo 2025\My_Repositories_GITHUB\2025-Node-March-Inadaptados-Cesar-V\05.FinalProjectVideoGame\ecommerce-api-videogames\node_modules\raw-body\index.js:227:7)
    at IncomingMessage.onEnd (C:\Users\César\Desktop\Indptados\Mayo 2025\My_Repositories_GITHUB\2025-Node-March-Inadaptados-Cesar-V\05.FinalProjectVideoGame\ecommerce-api-videogames\node_modules\raw-body\index.js:287:7)
    at IncomingMessage.emit (node:events:518:28)
    at endReadableNT (node:internal/streams/readable:1698:12)
    at process.processTicksAndRejections (node:internal/process/task_queues:90:21)
2026-06-26T03:23:27.634Z | POST /api/cart/cart/add-product | Schema hasn't been registered for model "Products".
Use mongoose.model(name, schema) | MissingSchemaError: Schema hasn't been registered for model "Products".
Use mongoose.model(name, schema)
    at NativeConnection.model (C:\Users\César\Desktop\Indptados\Mayo 2025\My_Repositories_GITHUB\2025-Node-March-Inadaptados-Cesar-V\05.FinalProjectVideoGame\ecommerce-api-videogames\node_modules\mongoose\lib\connection.js:1491:13)
    at _getModelFromConn (C:\Users\César\Desktop\Indptados\Mayo 2025\My_Repositories_GITHUB\2025-Node-March-Inadaptados-Cesar-V\05.FinalProjectVideoGame\ecommerce-api-videogames\node_modules\mongoose\lib\helpers\populate\getModelsMapForPopulate.js:579:15)
    at addModelNamesToMap (C:\Users\César\Desktop\Indptados\Mayo 2025\My_Repositories_GITHUB\2025-Node-March-Inadaptados-Cesar-V\05.FinalProjectVideoGame\ecommerce-api-videogames\node_modules\mongoose\lib\helpers\populate\getModelsMapForPopulate.js:507:17)
    at getModelsMapForPopulate (C:\Users\César\Desktop\Indptados\Mayo 2025\My_Repositories_GITHUB\2025-Node-March-Inadaptados-Cesar-V\05.FinalProjectVideoGame\ecommerce-api-videogames\node_modules\mongoose\lib\helpers\populate\getModelsMapForPopulate.js:208:7)
    at _populatePath (C:\Users\César\Desktop\Indptados\Mayo 2025\My_Repositories_GITHUB\2025-Node-March-Inadaptados-Cesar-V\05.FinalProjectVideoGame\ecommerce-api-videogames\node_modules\mongoose\lib\model.js:4469:21)
    at Function.populate (C:\Users\César\Desktop\Indptados\Mayo 2025\My_Repositories_GITHUB\2025-Node-March-Inadaptados-Cesar-V\05.FinalProjectVideoGame\ecommerce-api-videogames\node_modules\mongoose\lib\model.js:4436:21)
    at model.populate (C:\Users\César\Desktop\Indptados\Mayo 2025\My_Repositories_GITHUB\2025-Node-March-Inadaptados-Cesar-V\05.FinalProjectVideoGame\ecommerce-api-videogames\node_modules\mongoose\lib\document.js:4621:24)
    at addProductToCart (file:///C:/Users/C%C3%A9sar/Desktop/Indptados/Mayo%202025/My_Repositories_GITHUB/2025-Node-March-Inadaptados-Cesar-V/05.FinalProjectVideoGame/ecommerce-api-videogames/src/controllers/cartController.js:146:16)
    at process.processTicksAndRejections (node:internal/process/task_queues:105:5)
2026-06-26T03:26:53.513Z | POST /api/cart/cart/add-product | Schema hasn't been registered for model "Products".
Use mongoose.model(name, schema) | MissingSchemaError: Schema hasn't been registered for model "Products".
Use mongoose.model(name, schema)
    at NativeConnection.model (C:\Users\César\Desktop\Indptados\Mayo 2025\My_Repositories_GITHUB\2025-Node-March-Inadaptados-Cesar-V\05.FinalProjectVideoGame\ecommerce-api-videogames\node_modules\mongoose\lib\connection.js:1491:13)
    at _getModelFromConn (C:\Users\César\Desktop\Indptados\Mayo 2025\My_Repositories_GITHUB\2025-Node-March-Inadaptados-Cesar-V\05.FinalProjectVideoGame\ecommerce-api-videogames\node_modules\mongoose\lib\helpers\populate\getModelsMapForPopulate.js:579:15)
    at addModelNamesToMap (C:\Users\César\Desktop\Indptados\Mayo 2025\My_Repositories_GITHUB\2025-Node-March-Inadaptados-Cesar-V\05.FinalProjectVideoGame\ecommerce-api-videogames\node_modules\mongoose\lib\helpers\populate\getModelsMapForPopulate.js:507:17)
    at getModelsMapForPopulate (C:\Users\César\Desktop\Indptados\Mayo 2025\My_Repositories_GITHUB\2025-Node-March-Inadaptados-Cesar-V\05.FinalProjectVideoGame\ecommerce-api-videogames\node_modules\mongoose\lib\helpers\populate\getModelsMapForPopulate.js:208:7)
    at _populatePath (C:\Users\César\Desktop\Indptados\Mayo 2025\My_Repositories_GITHUB\2025-Node-March-Inadaptados-Cesar-V\05.FinalProjectVideoGame\ecommerce-api-videogames\node_modules\mongoose\lib\model.js:4469:21)
    at Function.populate (C:\Users\César\Desktop\Indptados\Mayo 2025\My_Repositories_GITHUB\2025-Node-March-Inadaptados-Cesar-V\05.FinalProjectVideoGame\ecommerce-api-videogames\node_modules\mongoose\lib\model.js:4436:21)
    at model.populate (C:\Users\César\Desktop\Indptados\Mayo 2025\My_Repositories_GITHUB\2025-Node-March-Inadaptados-Cesar-V\05.FinalProjectVideoGame\ecommerce-api-videogames\node_modules\mongoose\lib\document.js:4621:24)
    at addProductToCart (file:///C:/Users/C%C3%A9sar/Desktop/Indptados/Mayo%202025/My_Repositories_GITHUB/2025-Node-March-Inadaptados-Cesar-V/05.FinalProjectVideoGame/ecommerce-api-videogames/src/controllers/cartController.js:146:16)
    at process.processTicksAndRejections (node:internal/process/task_queues:105:5)
2026-06-26T03:28:32.946Z | POST /api/cart/cart/add-product | Schema hasn't been registered for model "Products".
Use mongoose.model(name, schema) | MissingSchemaError: Schema hasn't been registered for model "Products".
Use mongoose.model(name, schema)
    at NativeConnection.model (C:\Users\César\Desktop\Indptados\Mayo 2025\My_Repositories_GITHUB\2025-Node-March-Inadaptados-Cesar-V\05.FinalProjectVideoGame\ecommerce-api-videogames\node_modules\mongoose\lib\connection.js:1491:13)
    at _getModelFromConn (C:\Users\César\Desktop\Indptados\Mayo 2025\My_Repositories_GITHUB\2025-Node-March-Inadaptados-Cesar-V\05.FinalProjectVideoGame\ecommerce-api-videogames\node_modules\mongoose\lib\helpers\populate\getModelsMapForPopulate.js:579:15)
    at addModelNamesToMap (C:\Users\César\Desktop\Indptados\Mayo 2025\My_Repositories_GITHUB\2025-Node-March-Inadaptados-Cesar-V\05.FinalProjectVideoGame\ecommerce-api-videogames\node_modules\mongoose\lib\helpers\populate\getModelsMapForPopulate.js:507:17)
    at getModelsMapForPopulate (C:\Users\César\Desktop\Indptados\Mayo 2025\My_Repositories_GITHUB\2025-Node-March-Inadaptados-Cesar-V\05.FinalProjectVideoGame\ecommerce-api-videogames\node_modules\mongoose\lib\helpers\populate\getModelsMapForPopulate.js:208:7)
    at _populatePath (C:\Users\César\Desktop\Indptados\Mayo 2025\My_Repositories_GITHUB\2025-Node-March-Inadaptados-Cesar-V\05.FinalProjectVideoGame\ecommerce-api-videogames\node_modules\mongoose\lib\model.js:4469:21)
    at Function.populate (C:\Users\César\Desktop\Indptados\Mayo 2025\My_Repositories_GITHUB\2025-Node-March-Inadaptados-Cesar-V\05.FinalProjectVideoGame\ecommerce-api-videogames\node_modules\mongoose\lib\model.js:4436:21)
    at model.populate (C:\Users\César\Desktop\Indptados\Mayo 2025\My_Repositories_GITHUB\2025-Node-March-Inadaptados-Cesar-V\05.FinalProjectVideoGame\ecommerce-api-videogames\node_modules\mongoose\lib\document.js:4621:24)
    at addProductToCart (file:///C:/Users/C%C3%A9sar/Desktop/Indptados/Mayo%202025/My_Repositories_GITHUB/2025-Node-March-Inadaptados-Cesar-V/05.FinalProjectVideoGame/ecommerce-api-videogames/src/controllers/cartController.js:146:16)
    at process.processTicksAndRejections (node:internal/process/task_queues:105:5)
